<?xml version="1.0"?>
<link_info>
   <banner>TI ARM Linker PC v5.2.5</banner>
   <copyright>Copyright (c) 1996-2015 Texas Instruments Incorporated</copyright>
   <link_time>0x57f07f63</link_time>
   <link_errors>0x0</link_errors>
   <output_file>XL320.out</output_file>
   <entry_point>
      <name>_c_int00</name>
      <address>0xe79</address>
   </entry_point>
   <input_file_list>
      <input_file id="fl-2">
         <path>.\</path>
         <kind>object</kind>
         <file>comm.obj</file>
         <name>comm.obj</name>
      </input_file>
      <input_file id="fl-3">
         <path>.\</path>
         <kind>object</kind>
         <file>main.obj</file>
         <name>main.obj</name>
      </input_file>
      <input_file id="fl-4">
         <path>.\</path>
         <kind>object</kind>
         <file>tm4c123gh6pm_startup_ccs.obj</file>
         <name>tm4c123gh6pm_startup_ccs.obj</name>
      </input_file>
      <input_file id="fl-5">
         <path>.\</path>
         <kind>object</kind>
         <file>xl320.obj</file>
         <name>xl320.obj</name>
      </input_file>
      <input_file id="fl-b">
         <path>C:\ti\TivaWare_C_Series-2.1.2.111\driverlib\ccs\Debug\</path>
         <kind>archive</kind>
         <file>driverlib.lib</file>
         <name>gpio.obj</name>
      </input_file>
      <input_file id="fl-c">
         <path>C:\ti\TivaWare_C_Series-2.1.2.111\driverlib\ccs\Debug\</path>
         <kind>archive</kind>
         <file>driverlib.lib</file>
         <name>interrupt.obj</name>
      </input_file>
      <input_file id="fl-d">
         <path>C:\ti\TivaWare_C_Series-2.1.2.111\driverlib\ccs\Debug\</path>
         <kind>archive</kind>
         <file>driverlib.lib</file>
         <name>sysctl.obj</name>
      </input_file>
      <input_file id="fl-e">
         <path>C:\ti\TivaWare_C_Series-2.1.2.111\driverlib\ccs\Debug\</path>
         <kind>archive</kind>
         <file>driverlib.lib</file>
         <name>uart.obj</name>
      </input_file>
      <input_file id="fl-f">
         <path>C:\ti\TivaWare_C_Series-2.1.2.111\driverlib\ccs\Debug\</path>
         <kind>archive</kind>
         <file>driverlib.lib</file>
         <name>cpu.obj</name>
      </input_file>
      <input_file id="fl-131">
         <path>C:\ti\ccsv6\tools\compiler\ti-cgt-arm_5.2.5\lib\</path>
         <kind>archive</kind>
         <file>rtsv7M4_T_le_v4SPD16_eabi.lib</file>
         <name>boot.obj</name>
      </input_file>
      <input_file id="fl-132">
         <path>C:\ti\ccsv6\tools\compiler\ti-cgt-arm_5.2.5\lib\</path>
         <kind>archive</kind>
         <file>rtsv7M4_T_le_v4SPD16_eabi.lib</file>
         <name>copy_decompress_none.obj</name>
      </input_file>
      <input_file id="fl-133">
         <path>C:\ti\ccsv6\tools\compiler\ti-cgt-arm_5.2.5\lib\</path>
         <kind>archive</kind>
         <file>rtsv7M4_T_le_v4SPD16_eabi.lib</file>
         <name>copy_decompress_rle.obj</name>
      </input_file>
      <input_file id="fl-134">
         <path>C:\ti\ccsv6\tools\compiler\ti-cgt-arm_5.2.5\lib\</path>
         <kind>archive</kind>
         <file>rtsv7M4_T_le_v4SPD16_eabi.lib</file>
         <name>copy_zero_init.obj</name>
      </input_file>
      <input_file id="fl-135">
         <path>C:\ti\ccsv6\tools\compiler\ti-cgt-arm_5.2.5\lib\</path>
         <kind>archive</kind>
         <file>rtsv7M4_T_le_v4SPD16_eabi.lib</file>
         <name>exit.obj</name>
      </input_file>
      <input_file id="fl-136">
         <path>C:\ti\ccsv6\tools\compiler\ti-cgt-arm_5.2.5\lib\</path>
         <kind>archive</kind>
         <file>rtsv7M4_T_le_v4SPD16_eabi.lib</file>
         <name>memcpy_t2.obj</name>
      </input_file>
      <input_file id="fl-137">
         <path>C:\ti\ccsv6\tools\compiler\ti-cgt-arm_5.2.5\lib\</path>
         <kind>archive</kind>
         <file>rtsv7M4_T_le_v4SPD16_eabi.lib</file>
         <name>memset_t2.obj</name>
      </input_file>
      <input_file id="fl-138">
         <path>C:\ti\ccsv6\tools\compiler\ti-cgt-arm_5.2.5\lib\</path>
         <kind>archive</kind>
         <file>rtsv7M4_T_le_v4SPD16_eabi.lib</file>
         <name>pre_init.obj</name>
      </input_file>
      <input_file id="fl-139">
         <path>C:\ti\ccsv6\tools\compiler\ti-cgt-arm_5.2.5\lib\</path>
         <kind>archive</kind>
         <file>rtsv7M4_T_le_v4SPD16_eabi.lib</file>
         <name>stkdepth_vars.obj</name>
      </input_file>
      <input_file id="fl-13a">
         <path>C:\ti\ccsv6\tools\compiler\ti-cgt-arm_5.2.5\lib\</path>
         <kind>archive</kind>
         <file>rtsv7M4_T_le_v4SPD16_eabi.lib</file>
         <name>_lock.obj</name>
      </input_file>
      <input_file id="fl-13b">
         <path>C:\ti\ccsv6\tools\compiler\ti-cgt-arm_5.2.5\lib\</path>
         <kind>archive</kind>
         <file>rtsv7M4_T_le_v4SPD16_eabi.lib</file>
         <name>args_main.obj</name>
      </input_file>
      <input_file id="fl-13c">
         <path>C:\ti\ccsv6\tools\compiler\ti-cgt-arm_5.2.5\lib\</path>
         <kind>archive</kind>
         <file>rtsv7M4_T_le_v4SPD16_eabi.lib</file>
         <name>autoinit.obj</name>
      </input_file>
      <input_file id="fl-13d">
         <path>C:\ti\ccsv6\tools\compiler\ti-cgt-arm_5.2.5\lib\</path>
         <kind>archive</kind>
         <file>rtsv7M4_T_le_v4SPD16_eabi.lib</file>
         <name>cpy_tbl.obj</name>
      </input_file>
   </input_file_list>
   <object_component_list>
      <object_component id="oc-f">
         <name>.intvecs</name>
         <load_address>0x0</load_address>
         <run_address>0x0</run_address>
         <size>0x26c</size>
         <input_file_ref idref="fl-4"/>
      </object_component>
      <object_component id="oc-d5">
         <name>.text</name>
         <load_address>0x26c</load_address>
         <run_address>0x26c</run_address>
         <size>0x49c</size>
         <input_file_ref idref="fl-5"/>
      </object_component>
      <object_component id="oc-9d">
         <name>.text</name>
         <load_address>0x708</load_address>
         <run_address>0x708</run_address>
         <size>0x154</size>
         <input_file_ref idref="fl-3"/>
      </object_component>
      <object_component id="oc-10b">
         <name>.text:GPIOPadConfigSet</name>
         <load_address>0x85c</load_address>
         <run_address>0x85c</run_address>
         <size>0x132</size>
         <input_file_ref idref="fl-b"/>
      </object_component>
      <object_component id="oc-123">
         <name>.text:SysCtlClockGet</name>
         <load_address>0x990</load_address>
         <run_address>0x990</run_address>
         <size>0x110</size>
         <input_file_ref idref="fl-d"/>
      </object_component>
      <object_component id="oc-c3">
         <name>.text:SysCtlClockSet</name>
         <load_address>0xaa0</load_address>
         <run_address>0xaa0</run_address>
         <size>0xf4</size>
         <input_file_ref idref="fl-d"/>
      </object_component>
      <object_component id="oc-c9">
         <name>.text</name>
         <load_address>0xb94</load_address>
         <run_address>0xb94</run_address>
         <size>0xf4</size>
         <input_file_ref idref="fl-2"/>
      </object_component>
      <object_component id="oc-33">
         <name>.text</name>
         <load_address>0xc88</load_address>
         <run_address>0xc88</run_address>
         <size>0x9c</size>
         <input_file_ref idref="fl-136"/>
      </object_component>
      <object_component id="oc-4c">
         <name>.text</name>
         <load_address>0xd24</load_address>
         <run_address>0xd24</run_address>
         <size>0x7a</size>
         <input_file_ref idref="fl-137"/>
      </object_component>
      <object_component id="oc-5e">
         <name>.text</name>
         <load_address>0xda0</load_address>
         <run_address>0xda0</run_address>
         <size>0x6c</size>
         <input_file_ref idref="fl-13c"/>
      </object_component>
      <object_component id="oc-3f">
         <name>.text</name>
         <load_address>0xe0c</load_address>
         <run_address>0xe0c</run_address>
         <size>0x6a</size>
         <input_file_ref idref="fl-133"/>
      </object_component>
      <object_component id="oc-24">
         <name>.text</name>
         <load_address>0xe78</load_address>
         <run_address>0xe78</run_address>
         <size>0x50</size>
         <input_file_ref idref="fl-131"/>
      </object_component>
      <object_component id="oc-95">
         <name>.text</name>
         <load_address>0xec8</load_address>
         <run_address>0xec8</run_address>
         <size>0x4c</size>
         <input_file_ref idref="fl-13d"/>
      </object_component>
      <object_component id="oc-117">
         <name>.text:GPIOPinConfigure</name>
         <load_address>0xf14</load_address>
         <run_address>0xf14</run_address>
         <size>0x48</size>
         <input_file_ref idref="fl-b"/>
      </object_component>
      <object_component id="oc-129">
         <name>.text:UARTConfigSetExpClk</name>
         <load_address>0xf5c</load_address>
         <run_address>0xf5c</run_address>
         <size>0x46</size>
         <input_file_ref idref="fl-e"/>
      </object_component>
      <object_component id="oc-6a">
         <name>.text</name>
         <load_address>0xfa4</load_address>
         <run_address>0xfa4</run_address>
         <size>0x44</size>
         <input_file_ref idref="fl-135"/>
      </object_component>
      <object_component id="oc-ff">
         <name>.text:SysCtlPeripheralEnable</name>
         <load_address>0xfe8</load_address>
         <run_address>0xfe8</run_address>
         <size>0x34</size>
         <input_file_ref idref="fl-d"/>
      </object_component>
      <object_component id="oc-15a">
         <name>.text:GPIODirModeSet</name>
         <load_address>0x101c</load_address>
         <run_address>0x101c</run_address>
         <size>0x2a</size>
         <input_file_ref idref="fl-b"/>
      </object_component>
      <object_component id="oc-16d">
         <name>.text:UARTDisable</name>
         <load_address>0x1048</load_address>
         <run_address>0x1048</run_address>
         <size>0x20</size>
         <input_file_ref idref="fl-e"/>
      </object_component>
      <object_component id="oc-105">
         <name>.text:GPIOPinTypeGPIOOutput</name>
         <load_address>0x1068</load_address>
         <run_address>0x1068</run_address>
         <size>0x18</size>
         <input_file_ref idref="fl-b"/>
      </object_component>
      <object_component id="oc-64">
         <name>.text</name>
         <load_address>0x1080</load_address>
         <run_address>0x1080</run_address>
         <size>0x18</size>
         <input_file_ref idref="fl-13b"/>
      </object_component>
      <object_component id="oc-173">
         <name>.text:UARTEnable</name>
         <load_address>0x1098</load_address>
         <run_address>0x1098</run_address>
         <size>0x14</size>
         <input_file_ref idref="fl-e"/>
      </object_component>
      <object_component id="oc-e8">
         <name>.text</name>
         <load_address>0x10ac</load_address>
         <run_address>0x10ac</run_address>
         <size>0x14</size>
         <input_file_ref idref="fl-13a"/>
      </object_component>
      <object_component id="oc-11d">
         <name>.text:GPIOPinTypeUART</name>
         <load_address>0x10c0</load_address>
         <run_address>0x10c0</run_address>
         <size>0x12</size>
         <input_file_ref idref="fl-b"/>
      </object_component>
      <object_component id="oc-133">
         <name>.text:UARTCharsAvail</name>
         <load_address>0x10d2</load_address>
         <run_address>0x10d2</run_address>
         <size>0xe</size>
         <input_file_ref idref="fl-e"/>
      </object_component>
      <object_component id="oc-12">
         <name>.text:decompress:none</name>
         <load_address>0x10e0</load_address>
         <run_address>0x10e0</run_address>
         <size>0xe</size>
         <input_file_ref idref="fl-132"/>
      </object_component>
      <object_component id="oc-1e">
         <name>.text:decompress:ZI</name>
         <load_address>0x10ee</load_address>
         <run_address>0x10ee</run_address>
         <size>0xc</size>
         <input_file_ref idref="fl-134"/>
      </object_component>
      <object_component id="oc-2a">
         <name>.text</name>
         <load_address>0x10fa</load_address>
         <run_address>0x10fa</run_address>
         <size>0xc</size>
         <input_file_ref idref="fl-4"/>
      </object_component>
      <object_component id="oc-139">
         <name>.text:UARTCharGet</name>
         <load_address>0x1106</load_address>
         <run_address>0x1106</run_address>
         <size>0xa</size>
         <input_file_ref idref="fl-e"/>
      </object_component>
      <object_component id="oc-cf">
         <name>.text:UARTCharPut</name>
         <load_address>0x1110</load_address>
         <run_address>0x1110</run_address>
         <size>0xa</size>
         <input_file_ref idref="fl-e"/>
      </object_component>
      <object_component id="oc-111">
         <name>.text:GPIOPinWrite</name>
         <load_address>0x111a</load_address>
         <run_address>0x111a</run_address>
         <size>0x6</size>
         <input_file_ref idref="fl-b"/>
      </object_component>
      <object_component id="oc-db">
         <name>.text:SysCtlDelay</name>
         <load_address>0x1120</load_address>
         <run_address>0x1120</run_address>
         <size>0x6</size>
         <input_file_ref idref="fl-d"/>
      </object_component>
      <object_component id="oc-18">
         <name>.text:decompress:rle24</name>
         <load_address>0x1126</load_address>
         <run_address>0x1126</run_address>
         <size>0x6</size>
         <input_file_ref idref="fl-133"/>
      </object_component>
      <object_component id="oc-58">
         <name>.text</name>
         <load_address>0x112c</load_address>
         <run_address>0x112c</run_address>
         <size>0x4</size>
         <input_file_ref idref="fl-138"/>
      </object_component>
      <object_component id="oc-13f">
         <name>.const:crc_table</name>
         <load_address>0x1130</load_address>
         <run_address>0x1130</run_address>
         <size>0x200</size>
         <input_file_ref idref="fl-5"/>
      </object_component>
      <object_component id="oc-164">
         <name>.const:g_pui32GPIOBaseAddrs</name>
         <load_address>0x1330</load_address>
         <run_address>0x1330</run_address>
         <size>0x90</size>
         <input_file_ref idref="fl-b"/>
      </object_component>
      <object_component id="oc-169">
         <name>.const:g_pui32Xtals</name>
         <load_address>0x13c0</load_address>
         <run_address>0x13c0</run_address>
         <size>0x6c</size>
         <input_file_ref idref="fl-d"/>
      </object_component>
      <object_component id="oc-dc">
         <name>.const:.string</name>
         <load_address>0x142c</load_address>
         <run_address>0x142c</run_address>
         <size>0x3</size>
         <input_file_ref idref="fl-3"/>
      </object_component>
      <object_component id="oc-1b0">
         <name>.cinit..data.load</name>
         <load_address>0x1430</load_address>
         <run_address>0x1430</run_address>
         <size>0xf</size>
      </object_component>
      <object_component id="oc-1ae">
         <name>__TI_handler_table</name>
         <load_address>0x1440</load_address>
         <run_address>0x1440</run_address>
         <size>0xc</size>
      </object_component>
      <object_component id="oc-1b1">
         <name>.cinit..bss.load</name>
         <load_address>0x1450</load_address>
         <run_address>0x1450</run_address>
         <size>0x8</size>
      </object_component>
      <object_component id="oc-1af">
         <name>__TI_cinit_table</name>
         <load_address>0x1458</load_address>
         <run_address>0x1458</run_address>
         <size>0x10</size>
      </object_component>
      <object_component id="oc-29">
         <name>.stack</name>
         <uninitialized>true</uninitialized>
         <run_address>0x20000000</run_address>
         <size>0x0</size>
         <input_file_ref idref="fl-131"/>
      </object_component>
      <object_component id="oc-1b2">
         <name>.stack</name>
         <uninitialized>true</uninitialized>
         <run_address>0x20000000</run_address>
         <size>0x0</size>
      </object_component>
      <object_component id="oc-142">
         <name>.common:Buffer</name>
         <uninitialized>true</uninitialized>
         <run_address>0x20000214</run_address>
         <size>0x4</size>
      </object_component>
      <object_component id="oc-a8">
         <name>.data</name>
         <load_address>0x20000208</load_address>
         <run_address>0x20000208</run_address>
         <size>0x8</size>
         <input_file_ref idref="fl-135"/>
      </object_component>
      <object_component id="oc-70">
         <name>.data</name>
         <load_address>0x20000210</load_address>
         <run_address>0x20000210</run_address>
         <size>0x4</size>
         <input_file_ref idref="fl-139"/>
      </object_component>
      <object_component id="oc-a5">
         <name>.data</name>
         <load_address>0x20000200</load_address>
         <run_address>0x20000200</run_address>
         <size>0x8</size>
         <input_file_ref idref="fl-13a"/>
      </object_component>
      <object_component id="oc-130">
         <name>.debug_info</name>
         <load_address>0x0</load_address>
         <run_address>0x0</run_address>
         <size>0x2b0</size>
         <input_file_ref idref="fl-2"/>
      </object_component>
      <object_component id="oc-ca">
         <name>.debug_info</name>
         <load_address>0x2b0</load_address>
         <run_address>0x2b0</run_address>
         <size>0x3fb</size>
         <input_file_ref idref="fl-2"/>
      </object_component>
      <object_component id="oc-77">
         <name>.debug_info</name>
         <load_address>0x6ab</load_address>
         <run_address>0x6ab</run_address>
         <size>0x84</size>
         <input_file_ref idref="fl-2"/>
      </object_component>
      <object_component id="oc-7c">
         <name>.debug_info</name>
         <load_address>0x72f</load_address>
         <run_address>0x72f</run_address>
         <size>0x18b</size>
         <input_file_ref idref="fl-2"/>
      </object_component>
      <object_component id="oc-e0">
         <name>.debug_info</name>
         <load_address>0x8ba</load_address>
         <run_address>0x8ba</run_address>
         <size>0x1eb</size>
         <input_file_ref idref="fl-3"/>
      </object_component>
      <object_component id="oc-dd">
         <name>.debug_info</name>
         <load_address>0xaa5</load_address>
         <run_address>0xaa5</run_address>
         <size>0xbe</size>
         <input_file_ref idref="fl-3"/>
      </object_component>
      <object_component id="oc-9e">
         <name>.debug_info</name>
         <load_address>0xb63</load_address>
         <run_address>0xb63</run_address>
         <size>0x407</size>
         <input_file_ref idref="fl-3"/>
      </object_component>
      <object_component id="oc-32">
         <name>.debug_info</name>
         <load_address>0xf6a</load_address>
         <run_address>0xf6a</run_address>
         <size>0xf8</size>
         <input_file_ref idref="fl-4"/>
      </object_component>
      <object_component id="oc-10">
         <name>.debug_info</name>
         <load_address>0x1062</load_address>
         <run_address>0x1062</run_address>
         <size>0xdd</size>
         <input_file_ref idref="fl-4"/>
      </object_component>
      <object_component id="oc-2e">
         <name>.debug_info</name>
         <load_address>0x113f</load_address>
         <run_address>0x113f</run_address>
         <size>0x259</size>
         <input_file_ref idref="fl-4"/>
      </object_component>
      <object_component id="oc-143">
         <name>.debug_info</name>
         <load_address>0x1398</load_address>
         <run_address>0x1398</run_address>
         <size>0x211</size>
         <input_file_ref idref="fl-5"/>
      </object_component>
      <object_component id="oc-140">
         <name>.debug_info</name>
         <load_address>0x15a9</load_address>
         <run_address>0x15a9</run_address>
         <size>0xc4</size>
         <input_file_ref idref="fl-5"/>
      </object_component>
      <object_component id="oc-d9">
         <name>.debug_info</name>
         <load_address>0x166d</load_address>
         <run_address>0x166d</run_address>
         <size>0x8fb</size>
         <input_file_ref idref="fl-5"/>
      </object_component>
      <object_component id="oc-b0">
         <name>.debug_info</name>
         <load_address>0x1f68</load_address>
         <run_address>0x1f68</run_address>
         <size>0x8b</size>
         <input_file_ref idref="fl-5"/>
      </object_component>
      <object_component id="oc-8c">
         <name>.debug_info</name>
         <load_address>0x1ff3</load_address>
         <run_address>0x1ff3</run_address>
         <size>0x2c</size>
         <input_file_ref idref="fl-5"/>
      </object_component>
      <object_component id="oc-146">
         <name>.debug_info</name>
         <load_address>0x201f</load_address>
         <run_address>0x201f</run_address>
         <size>0xab</size>
         <input_file_ref idref="fl-5"/>
      </object_component>
      <object_component id="oc-161">
         <name>.debug_info</name>
         <load_address>0x20ca</load_address>
         <run_address>0x20ca</run_address>
         <size>0x230</size>
         <input_file_ref idref="fl-b"/>
      </object_component>
      <object_component id="oc-165">
         <name>.debug_info</name>
         <load_address>0x22fa</load_address>
         <run_address>0x22fa</run_address>
         <size>0x15b</size>
         <input_file_ref idref="fl-b"/>
      </object_component>
      <object_component id="oc-112">
         <name>.debug_info</name>
         <load_address>0x2455</load_address>
         <run_address>0x2455</run_address>
         <size>0x2a3</size>
         <input_file_ref idref="fl-b"/>
      </object_component>
      <object_component id="oc-15b">
         <name>.debug_info</name>
         <load_address>0x26f8</load_address>
         <run_address>0x26f8</run_address>
         <size>0x2b3</size>
         <input_file_ref idref="fl-b"/>
      </object_component>
      <object_component id="oc-10c">
         <name>.debug_info</name>
         <load_address>0x29ab</load_address>
         <run_address>0x29ab</run_address>
         <size>0x316</size>
         <input_file_ref idref="fl-b"/>
      </object_component>
      <object_component id="oc-11e">
         <name>.debug_info</name>
         <load_address>0x2cc1</load_address>
         <run_address>0x2cc1</run_address>
         <size>0x27b</size>
         <input_file_ref idref="fl-b"/>
      </object_component>
      <object_component id="oc-106">
         <name>.debug_info</name>
         <load_address>0x2f3c</load_address>
         <run_address>0x2f3c</run_address>
         <size>0x2b7</size>
         <input_file_ref idref="fl-b"/>
      </object_component>
      <object_component id="oc-118">
         <name>.debug_info</name>
         <load_address>0x31f3</load_address>
         <run_address>0x31f3</run_address>
         <size>0x280</size>
         <input_file_ref idref="fl-b"/>
      </object_component>
      <object_component id="oc-fe">
         <name>.debug_info</name>
         <load_address>0x3473</load_address>
         <run_address>0x3473</run_address>
         <size>0x27f</size>
         <input_file_ref idref="fl-d"/>
      </object_component>
      <object_component id="oc-16a">
         <name>.debug_info</name>
         <load_address>0x36f2</load_address>
         <run_address>0x36f2</run_address>
         <size>0x14d</size>
         <input_file_ref idref="fl-d"/>
      </object_component>
      <object_component id="oc-100">
         <name>.debug_info</name>
         <load_address>0x383f</load_address>
         <run_address>0x383f</run_address>
         <size>0x27d</size>
         <input_file_ref idref="fl-d"/>
      </object_component>
      <object_component id="oc-c4">
         <name>.debug_info</name>
         <load_address>0x3abc</load_address>
         <run_address>0x3abc</run_address>
         <size>0x2db</size>
         <input_file_ref idref="fl-d"/>
      </object_component>
      <object_component id="oc-124">
         <name>.debug_info</name>
         <load_address>0x3d97</load_address>
         <run_address>0x3d97</run_address>
         <size>0x2b5</size>
         <input_file_ref idref="fl-d"/>
      </object_component>
      <object_component id="oc-154">
         <name>.debug_info</name>
         <load_address>0x404c</load_address>
         <run_address>0x404c</run_address>
         <size>0x5f</size>
         <input_file_ref idref="fl-d"/>
      </object_component>
      <object_component id="oc-132">
         <name>.debug_info</name>
         <load_address>0x40ab</load_address>
         <run_address>0x40ab</run_address>
         <size>0x227</size>
         <input_file_ref idref="fl-e"/>
      </object_component>
      <object_component id="oc-174">
         <name>.debug_info</name>
         <load_address>0x42d2</load_address>
         <run_address>0x42d2</run_address>
         <size>0x247</size>
         <input_file_ref idref="fl-e"/>
      </object_component>
      <object_component id="oc-16e">
         <name>.debug_info</name>
         <load_address>0x4519</load_address>
         <run_address>0x4519</run_address>
         <size>0x249</size>
         <input_file_ref idref="fl-e"/>
      </object_component>
      <object_component id="oc-12a">
         <name>.debug_info</name>
         <load_address>0x4762</load_address>
         <run_address>0x4762</run_address>
         <size>0x326</size>
         <input_file_ref idref="fl-e"/>
      </object_component>
      <object_component id="oc-134">
         <name>.debug_info</name>
         <load_address>0x4a88</load_address>
         <run_address>0x4a88</run_address>
         <size>0x253</size>
         <input_file_ref idref="fl-e"/>
      </object_component>
      <object_component id="oc-d0">
         <name>.debug_info</name>
         <load_address>0x4cdb</load_address>
         <run_address>0x4cdb</run_address>
         <size>0x273</size>
         <input_file_ref idref="fl-e"/>
      </object_component>
      <object_component id="oc-13a">
         <name>.debug_info</name>
         <load_address>0x4f4e</load_address>
         <run_address>0x4f4e</run_address>
         <size>0x24d</size>
         <input_file_ref idref="fl-e"/>
      </object_component>
      <object_component id="oc-27">
         <name>.debug_info</name>
         <load_address>0x519b</load_address>
         <run_address>0x519b</run_address>
         <size>0x134</size>
         <input_file_ref idref="fl-131"/>
      </object_component>
      <object_component id="oc-3e">
         <name>.debug_info</name>
         <load_address>0x52cf</load_address>
         <run_address>0x52cf</run_address>
         <size>0x121</size>
         <input_file_ref idref="fl-132"/>
      </object_component>
      <object_component id="oc-15">
         <name>.debug_info</name>
         <load_address>0x53f0</load_address>
         <run_address>0x53f0</run_address>
         <size>0x1c0</size>
         <input_file_ref idref="fl-132"/>
      </object_component>
      <object_component id="oc-39">
         <name>.debug_info</name>
         <load_address>0x55b0</load_address>
         <run_address>0x55b0</run_address>
         <size>0x46</size>
         <input_file_ref idref="fl-132"/>
      </object_component>
      <object_component id="oc-82">
         <name>.debug_info</name>
         <load_address>0x55f6</load_address>
         <run_address>0x55f6</run_address>
         <size>0x2c</size>
         <input_file_ref idref="fl-132"/>
      </object_component>
      <object_component id="oc-46">
         <name>.debug_info</name>
         <load_address>0x5622</load_address>
         <run_address>0x5622</run_address>
         <size>0x115</size>
         <input_file_ref idref="fl-133"/>
      </object_component>
      <object_component id="oc-40">
         <name>.debug_info</name>
         <load_address>0x5737</load_address>
         <run_address>0x5737</run_address>
         <size>0x228</size>
         <input_file_ref idref="fl-133"/>
      </object_component>
      <object_component id="oc-1a">
         <name>.debug_info</name>
         <load_address>0x595f</load_address>
         <run_address>0x595f</run_address>
         <size>0x192</size>
         <input_file_ref idref="fl-133"/>
      </object_component>
      <object_component id="oc-47">
         <name>.debug_info</name>
         <load_address>0x5af1</load_address>
         <run_address>0x5af1</run_address>
         <size>0x39</size>
         <input_file_ref idref="fl-133"/>
      </object_component>
      <object_component id="oc-57">
         <name>.debug_info</name>
         <load_address>0x5b2a</load_address>
         <run_address>0x5b2a</run_address>
         <size>0x110</size>
         <input_file_ref idref="fl-134"/>
      </object_component>
      <object_component id="oc-22">
         <name>.debug_info</name>
         <load_address>0x5c3a</load_address>
         <run_address>0x5c3a</run_address>
         <size>0x18b</size>
         <input_file_ref idref="fl-134"/>
      </object_component>
      <object_component id="oc-52">
         <name>.debug_info</name>
         <load_address>0x5dc5</load_address>
         <run_address>0x5dc5</run_address>
         <size>0x46</size>
         <input_file_ref idref="fl-134"/>
      </object_component>
      <object_component id="oc-ac">
         <name>.debug_info</name>
         <load_address>0x5e0b</load_address>
         <run_address>0x5e0b</run_address>
         <size>0x172</size>
         <input_file_ref idref="fl-135"/>
      </object_component>
      <object_component id="oc-a9">
         <name>.debug_info</name>
         <load_address>0x5f7d</load_address>
         <run_address>0x5f7d</run_address>
         <size>0x117</size>
         <input_file_ref idref="fl-135"/>
      </object_component>
      <object_component id="oc-6b">
         <name>.debug_info</name>
         <load_address>0x6094</load_address>
         <run_address>0x6094</run_address>
         <size>0x1ee</size>
         <input_file_ref idref="fl-135"/>
      </object_component>
      <object_component id="oc-36">
         <name>.debug_info</name>
         <load_address>0x6282</load_address>
         <run_address>0x6282</run_address>
         <size>0xf6</size>
         <input_file_ref idref="fl-136"/>
      </object_component>
      <object_component id="oc-4e">
         <name>.debug_info</name>
         <load_address>0x6378</load_address>
         <run_address>0x6378</run_address>
         <size>0x124</size>
         <input_file_ref idref="fl-137"/>
      </object_component>
      <object_component id="oc-5b">
         <name>.debug_info</name>
         <load_address>0x649c</load_address>
         <run_address>0x649c</run_address>
         <size>0x129</size>
         <input_file_ref idref="fl-138"/>
      </object_component>
      <object_component id="oc-71">
         <name>.debug_info</name>
         <load_address>0x65c5</load_address>
         <run_address>0x65c5</run_address>
         <size>0xea</size>
         <input_file_ref idref="fl-139"/>
      </object_component>
      <object_component id="oc-f0">
         <name>.debug_info</name>
         <load_address>0x66af</load_address>
         <run_address>0x66af</run_address>
         <size>0x105</size>
         <input_file_ref idref="fl-13a"/>
      </object_component>
      <object_component id="oc-a6">
         <name>.debug_info</name>
         <load_address>0x67b4</load_address>
         <run_address>0x67b4</run_address>
         <size>0xf4</size>
         <input_file_ref idref="fl-13a"/>
      </object_component>
      <object_component id="oc-e9">
         <name>.debug_info</name>
         <load_address>0x68a8</load_address>
         <run_address>0x68a8</run_address>
         <size>0x200</size>
         <input_file_ref idref="fl-13a"/>
      </object_component>
      <object_component id="oc-a4">
         <name>.debug_info</name>
         <load_address>0x6aa8</load_address>
         <run_address>0x6aa8</run_address>
         <size>0x147</size>
         <input_file_ref idref="fl-13b"/>
      </object_component>
      <object_component id="oc-65">
         <name>.debug_info</name>
         <load_address>0x6bef</load_address>
         <run_address>0x6bef</run_address>
         <size>0x148</size>
         <input_file_ref idref="fl-13b"/>
      </object_component>
      <object_component id="oc-e3">
         <name>.debug_info</name>
         <load_address>0x6d37</load_address>
         <run_address>0x6d37</run_address>
         <size>0x5e</size>
         <input_file_ref idref="fl-13b"/>
      </object_component>
      <object_component id="oc-9c">
         <name>.debug_info</name>
         <load_address>0x6d95</load_address>
         <run_address>0x6d95</run_address>
         <size>0x29e</size>
         <input_file_ref idref="fl-13c"/>
      </object_component>
      <object_component id="oc-62">
         <name>.debug_info</name>
         <load_address>0x7033</load_address>
         <run_address>0x7033</run_address>
         <size>0x158</size>
         <input_file_ref idref="fl-13c"/>
      </object_component>
      <object_component id="oc-b9">
         <name>.debug_info</name>
         <load_address>0x718b</load_address>
         <run_address>0x718b</run_address>
         <size>0x39</size>
         <input_file_ref idref="fl-13c"/>
      </object_component>
      <object_component id="oc-be">
         <name>.debug_info</name>
         <load_address>0x71c4</load_address>
         <run_address>0x71c4</run_address>
         <size>0xcd</size>
         <input_file_ref idref="fl-13c"/>
      </object_component>
      <object_component id="oc-b6">
         <name>.debug_info</name>
         <load_address>0x7291</load_address>
         <run_address>0x7291</run_address>
         <size>0x1c1</size>
         <input_file_ref idref="fl-13d"/>
      </object_component>
      <object_component id="oc-97">
         <name>.debug_info</name>
         <load_address>0x7452</load_address>
         <run_address>0x7452</run_address>
         <size>0x164</size>
         <input_file_ref idref="fl-13d"/>
      </object_component>
      <object_component id="oc-f8">
         <name>.debug_info</name>
         <load_address>0x75b6</load_address>
         <run_address>0x75b6</run_address>
         <size>0x2c</size>
         <input_file_ref idref="fl-13d"/>
      </object_component>
      <object_component id="oc-1b3">
         <name>.debug_info</name>
         <load_address>0x75e2</load_address>
         <run_address>0x75e2</run_address>
         <size>0x97</size>
      </object_component>
      <object_component id="oc-17b">
         <name>.debug_line</name>
         <load_address>0x0</load_address>
         <run_address>0x0</run_address>
         <size>0xc4</size>
         <input_file_ref idref="fl-2"/>
      </object_component>
      <object_component id="oc-cd">
         <name>.debug_line</name>
         <load_address>0xc4</load_address>
         <run_address>0xc4</run_address>
         <size>0xa3</size>
         <input_file_ref idref="fl-2"/>
      </object_component>
      <object_component id="oc-7a">
         <name>.debug_line</name>
         <load_address>0x167</load_address>
         <run_address>0x167</run_address>
         <size>0x20</size>
         <input_file_ref idref="fl-2"/>
      </object_component>
      <object_component id="oc-7f">
         <name>.debug_line</name>
         <load_address>0x187</load_address>
         <run_address>0x187</run_address>
         <size>0x60</size>
         <input_file_ref idref="fl-2"/>
      </object_component>
      <object_component id="oc-14e">
         <name>.debug_line</name>
         <load_address>0x1e7</load_address>
         <run_address>0x1e7</run_address>
         <size>0xa9</size>
         <input_file_ref idref="fl-3"/>
      </object_component>
      <object_component id="oc-14c">
         <name>.debug_line</name>
         <load_address>0x290</load_address>
         <run_address>0x290</run_address>
         <size>0x2d</size>
         <input_file_ref idref="fl-3"/>
      </object_component>
      <object_component id="oc-a1">
         <name>.debug_line</name>
         <load_address>0x2bd</load_address>
         <run_address>0x2bd</run_address>
         <size>0xbe</size>
         <input_file_ref idref="fl-3"/>
      </object_component>
      <object_component id="oc-76">
         <name>.debug_line</name>
         <load_address>0x37b</load_address>
         <run_address>0x37b</run_address>
         <size>0x41</size>
         <input_file_ref idref="fl-4"/>
      </object_component>
      <object_component id="oc-31">
         <name>.debug_line</name>
         <load_address>0x3bc</load_address>
         <run_address>0x3bc</run_address>
         <size>0x41</size>
         <input_file_ref idref="fl-4"/>
      </object_component>
      <object_component id="oc-2c">
         <name>.debug_line</name>
         <load_address>0x3fd</load_address>
         <run_address>0x3fd</run_address>
         <size>0xa1</size>
         <input_file_ref idref="fl-4"/>
      </object_component>
      <object_component id="oc-183">
         <name>.debug_line</name>
         <load_address>0x49e</load_address>
         <run_address>0x49e</run_address>
         <size>0xe9</size>
         <input_file_ref idref="fl-5"/>
      </object_component>
      <object_component id="oc-181">
         <name>.debug_line</name>
         <load_address>0x587</load_address>
         <run_address>0x587</run_address>
         <size>0x2e</size>
         <input_file_ref idref="fl-5"/>
      </object_component>
      <object_component id="oc-d6">
         <name>.debug_line</name>
         <load_address>0x5b5</load_address>
         <run_address>0x5b5</run_address>
         <size>0x267</size>
         <input_file_ref idref="fl-5"/>
      </object_component>
      <object_component id="oc-b3">
         <name>.debug_line</name>
         <load_address>0x81c</load_address>
         <run_address>0x81c</run_address>
         <size>0x20</size>
         <input_file_ref idref="fl-5"/>
      </object_component>
      <object_component id="oc-8f">
         <name>.debug_line</name>
         <load_address>0x83c</load_address>
         <run_address>0x83c</run_address>
         <size>0x60</size>
         <input_file_ref idref="fl-5"/>
      </object_component>
      <object_component id="oc-149">
         <name>.debug_line</name>
         <load_address>0x89c</load_address>
         <run_address>0x89c</run_address>
         <size>0x2e</size>
         <input_file_ref idref="fl-5"/>
      </object_component>
      <object_component id="oc-186">
         <name>.debug_line</name>
         <load_address>0x8ca</load_address>
         <run_address>0x8ca</run_address>
         <size>0x82</size>
         <input_file_ref idref="fl-b"/>
      </object_component>
      <object_component id="oc-188">
         <name>.debug_line</name>
         <load_address>0x94c</load_address>
         <run_address>0x94c</run_address>
         <size>0x7d</size>
         <input_file_ref idref="fl-b"/>
      </object_component>
      <object_component id="oc-115">
         <name>.debug_line</name>
         <load_address>0x9c9</load_address>
         <run_address>0x9c9</run_address>
         <size>0x92</size>
         <input_file_ref idref="fl-b"/>
      </object_component>
      <object_component id="oc-15e">
         <name>.debug_line</name>
         <load_address>0xa5b</load_address>
         <run_address>0xa5b</run_address>
         <size>0x95</size>
         <input_file_ref idref="fl-b"/>
      </object_component>
      <object_component id="oc-10f">
         <name>.debug_line</name>
         <load_address>0xaf0</load_address>
         <run_address>0xaf0</run_address>
         <size>0xd1</size>
         <input_file_ref idref="fl-b"/>
      </object_component>
      <object_component id="oc-121">
         <name>.debug_line</name>
         <load_address>0xbc1</load_address>
         <run_address>0xbc1</run_address>
         <size>0x93</size>
         <input_file_ref idref="fl-b"/>
      </object_component>
      <object_component id="oc-109">
         <name>.debug_line</name>
         <load_address>0xc54</load_address>
         <run_address>0xc54</run_address>
         <size>0x99</size>
         <input_file_ref idref="fl-b"/>
      </object_component>
      <object_component id="oc-11b">
         <name>.debug_line</name>
         <load_address>0xced</load_address>
         <run_address>0xced</run_address>
         <size>0xa7</size>
         <input_file_ref idref="fl-b"/>
      </object_component>
      <object_component id="oc-153">
         <name>.debug_line</name>
         <load_address>0xd94</load_address>
         <run_address>0xd94</run_address>
         <size>0x13d</size>
         <input_file_ref idref="fl-d"/>
      </object_component>
      <object_component id="oc-18a">
         <name>.debug_line</name>
         <load_address>0xed1</load_address>
         <run_address>0xed1</run_address>
         <size>0x7f</size>
         <input_file_ref idref="fl-d"/>
      </object_component>
      <object_component id="oc-103">
         <name>.debug_line</name>
         <load_address>0xf50</load_address>
         <run_address>0xf50</run_address>
         <size>0x94</size>
         <input_file_ref idref="fl-d"/>
      </object_component>
      <object_component id="oc-c7">
         <name>.debug_line</name>
         <load_address>0xfe4</load_address>
         <run_address>0xfe4</run_address>
         <size>0xee</size>
         <input_file_ref idref="fl-d"/>
      </object_component>
      <object_component id="oc-127">
         <name>.debug_line</name>
         <load_address>0x10d2</load_address>
         <run_address>0x10d2</run_address>
         <size>0x11a</size>
         <input_file_ref idref="fl-d"/>
      </object_component>
      <object_component id="oc-157">
         <name>.debug_line</name>
         <load_address>0x11ec</load_address>
         <run_address>0x11ec</run_address>
         <size>0x7f</size>
         <input_file_ref idref="fl-d"/>
      </object_component>
      <object_component id="oc-17d">
         <name>.debug_line</name>
         <load_address>0x126b</load_address>
         <run_address>0x126b</run_address>
         <size>0x82</size>
         <input_file_ref idref="fl-e"/>
      </object_component>
      <object_component id="oc-177">
         <name>.debug_line</name>
         <load_address>0x12ed</load_address>
         <run_address>0x12ed</run_address>
         <size>0x93</size>
         <input_file_ref idref="fl-e"/>
      </object_component>
      <object_component id="oc-171">
         <name>.debug_line</name>
         <load_address>0x1380</load_address>
         <run_address>0x1380</run_address>
         <size>0x96</size>
         <input_file_ref idref="fl-e"/>
      </object_component>
      <object_component id="oc-12d">
         <name>.debug_line</name>
         <load_address>0x1416</load_address>
         <run_address>0x1416</run_address>
         <size>0xb3</size>
         <input_file_ref idref="fl-e"/>
      </object_component>
      <object_component id="oc-137">
         <name>.debug_line</name>
         <load_address>0x14c9</load_address>
         <run_address>0x14c9</run_address>
         <size>0x92</size>
         <input_file_ref idref="fl-e"/>
      </object_component>
      <object_component id="oc-d3">
         <name>.debug_line</name>
         <load_address>0x155b</load_address>
         <run_address>0x155b</run_address>
         <size>0x93</size>
         <input_file_ref idref="fl-e"/>
      </object_component>
      <object_component id="oc-13d">
         <name>.debug_line</name>
         <load_address>0x15ee</load_address>
         <run_address>0x15ee</run_address>
         <size>0x93</size>
         <input_file_ref idref="fl-e"/>
      </object_component>
      <object_component id="oc-25">
         <name>.debug_line</name>
         <load_address>0x1681</load_address>
         <run_address>0x1681</run_address>
         <size>0x52</size>
         <input_file_ref idref="fl-131"/>
      </object_component>
      <object_component id="oc-88">
         <name>.debug_line</name>
         <load_address>0x16d3</load_address>
         <run_address>0x16d3</run_address>
         <size>0x80</size>
         <input_file_ref idref="fl-132"/>
      </object_component>
      <object_component id="oc-13">
         <name>.debug_line</name>
         <load_address>0x1753</load_address>
         <run_address>0x1753</run_address>
         <size>0x55</size>
         <input_file_ref idref="fl-132"/>
      </object_component>
      <object_component id="oc-3c">
         <name>.debug_line</name>
         <load_address>0x17a8</load_address>
         <run_address>0x17a8</run_address>
         <size>0x3a</size>
         <input_file_ref idref="fl-132"/>
      </object_component>
      <object_component id="oc-85">
         <name>.debug_line</name>
         <load_address>0x17e2</load_address>
         <run_address>0x17e2</run_address>
         <size>0x80</size>
         <input_file_ref idref="fl-132"/>
      </object_component>
      <object_component id="oc-8b">
         <name>.debug_line</name>
         <load_address>0x1862</load_address>
         <run_address>0x1862</run_address>
         <size>0x80</size>
         <input_file_ref idref="fl-133"/>
      </object_component>
      <object_component id="oc-43">
         <name>.debug_line</name>
         <load_address>0x18e2</load_address>
         <run_address>0x18e2</run_address>
         <size>0x98</size>
         <input_file_ref idref="fl-133"/>
      </object_component>
      <object_component id="oc-19">
         <name>.debug_line</name>
         <load_address>0x197a</load_address>
         <run_address>0x197a</run_address>
         <size>0x4b</size>
         <input_file_ref idref="fl-133"/>
      </object_component>
      <object_component id="oc-4a">
         <name>.debug_line</name>
         <load_address>0x19c5</load_address>
         <run_address>0x19c5</run_address>
         <size>0x39</size>
         <input_file_ref idref="fl-133"/>
      </object_component>
      <object_component id="oc-93">
         <name>.debug_line</name>
         <load_address>0x19fe</load_address>
         <run_address>0x19fe</run_address>
         <size>0x80</size>
         <input_file_ref idref="fl-134"/>
      </object_component>
      <object_component id="oc-1f">
         <name>.debug_line</name>
         <load_address>0x1a7e</load_address>
         <run_address>0x1a7e</run_address>
         <size>0x4f</size>
         <input_file_ref idref="fl-134"/>
      </object_component>
      <object_component id="oc-55">
         <name>.debug_line</name>
         <load_address>0x1acd</load_address>
         <run_address>0x1acd</run_address>
         <size>0x34</size>
         <input_file_ref idref="fl-134"/>
      </object_component>
      <object_component id="oc-f5">
         <name>.debug_line</name>
         <load_address>0x1b01</load_address>
         <run_address>0x1b01</run_address>
         <size>0x7f</size>
         <input_file_ref idref="fl-135"/>
      </object_component>
      <object_component id="oc-f3">
         <name>.debug_line</name>
         <load_address>0x1b80</load_address>
         <run_address>0x1b80</run_address>
         <size>0x2a</size>
         <input_file_ref idref="fl-135"/>
      </object_component>
      <object_component id="oc-6e">
         <name>.debug_line</name>
         <load_address>0x1baa</load_address>
         <run_address>0x1baa</run_address>
         <size>0x7a</size>
         <input_file_ref idref="fl-135"/>
      </object_component>
      <object_component id="oc-34">
         <name>.debug_line</name>
         <load_address>0x1c24</load_address>
         <run_address>0x1c24</run_address>
         <size>0x88</size>
         <input_file_ref idref="fl-136"/>
      </object_component>
      <object_component id="oc-50">
         <name>.debug_line</name>
         <load_address>0x1cac</load_address>
         <run_address>0x1cac</run_address>
         <size>0x79</size>
         <input_file_ref idref="fl-137"/>
      </object_component>
      <object_component id="oc-5d">
         <name>.debug_line</name>
         <load_address>0x1d25</load_address>
         <run_address>0x1d25</run_address>
         <size>0x40</size>
         <input_file_ref idref="fl-138"/>
      </object_component>
      <object_component id="oc-af">
         <name>.debug_line</name>
         <load_address>0x1d65</load_address>
         <run_address>0x1d65</run_address>
         <size>0x33</size>
         <input_file_ref idref="fl-139"/>
      </object_component>
      <object_component id="oc-151">
         <name>.debug_line</name>
         <load_address>0x1d98</load_address>
         <run_address>0x1d98</run_address>
         <size>0x20</size>
         <input_file_ref idref="fl-13a"/>
      </object_component>
      <object_component id="oc-ef">
         <name>.debug_line</name>
         <load_address>0x1db8</load_address>
         <run_address>0x1db8</run_address>
         <size>0x2b</size>
         <input_file_ref idref="fl-13a"/>
      </object_component>
      <object_component id="oc-ec">
         <name>.debug_line</name>
         <load_address>0x1de3</load_address>
         <run_address>0x1de3</run_address>
         <size>0x68</size>
         <input_file_ref idref="fl-13a"/>
      </object_component>
      <object_component id="oc-e2">
         <name>.debug_line</name>
         <load_address>0x1e4b</load_address>
         <run_address>0x1e4b</run_address>
         <size>0x2b</size>
         <input_file_ref idref="fl-13b"/>
      </object_component>
      <object_component id="oc-69">
         <name>.debug_line</name>
         <load_address>0x1e76</load_address>
         <run_address>0x1e76</run_address>
         <size>0x50</size>
         <input_file_ref idref="fl-13b"/>
      </object_component>
      <object_component id="oc-e6">
         <name>.debug_line</name>
         <load_address>0x1ec6</load_address>
         <run_address>0x1ec6</run_address>
         <size>0x2b</size>
         <input_file_ref idref="fl-13b"/>
      </object_component>
      <object_component id="oc-b8">
         <name>.debug_line</name>
         <load_address>0x1ef1</load_address>
         <run_address>0x1ef1</run_address>
         <size>0x8f</size>
         <input_file_ref idref="fl-13c"/>
      </object_component>
      <object_component id="oc-60">
         <name>.debug_line</name>
         <load_address>0x1f80</load_address>
         <run_address>0x1f80</run_address>
         <size>0x79</size>
         <input_file_ref idref="fl-13c"/>
      </object_component>
      <object_component id="oc-bc">
         <name>.debug_line</name>
         <load_address>0x1ff9</load_address>
         <run_address>0x1ff9</run_address>
         <size>0x2e</size>
         <input_file_ref idref="fl-13c"/>
      </object_component>
      <object_component id="oc-c1">
         <name>.debug_line</name>
         <load_address>0x2027</load_address>
         <run_address>0x2027</run_address>
         <size>0x81</size>
         <input_file_ref idref="fl-13c"/>
      </object_component>
      <object_component id="oc-f7">
         <name>.debug_line</name>
         <load_address>0x20a8</load_address>
         <run_address>0x20a8</run_address>
         <size>0x8e</size>
         <input_file_ref idref="fl-13d"/>
      </object_component>
      <object_component id="oc-9a">
         <name>.debug_line</name>
         <load_address>0x2136</load_address>
         <run_address>0x2136</run_address>
         <size>0x68</size>
         <input_file_ref idref="fl-13d"/>
      </object_component>
      <object_component id="oc-fb">
         <name>.debug_line</name>
         <load_address>0x219e</load_address>
         <run_address>0x219e</run_address>
         <size>0x2e</size>
         <input_file_ref idref="fl-13d"/>
      </object_component>
      <object_component id="oc-ce">
         <name>.debug_frame</name>
         <load_address>0x0</load_address>
         <run_address>0x0</run_address>
         <size>0xce</size>
         <input_file_ref idref="fl-2"/>
      </object_component>
      <object_component id="oc-a2">
         <name>.debug_frame</name>
         <load_address>0xce</load_address>
         <run_address>0xce</run_address>
         <size>0xa7</size>
         <input_file_ref idref="fl-3"/>
      </object_component>
      <object_component id="oc-2d">
         <name>.debug_frame</name>
         <load_address>0x175</load_address>
         <run_address>0x175</run_address>
         <size>0xb2</size>
         <input_file_ref idref="fl-4"/>
      </object_component>
      <object_component id="oc-d8">
         <name>.debug_frame</name>
         <load_address>0x227</load_address>
         <run_address>0x227</run_address>
         <size>0x147</size>
         <input_file_ref idref="fl-5"/>
      </object_component>
      <object_component id="oc-116">
         <name>.debug_frame</name>
         <load_address>0x36e</load_address>
         <run_address>0x36e</run_address>
         <size>0x7f</size>
         <input_file_ref idref="fl-b"/>
      </object_component>
      <object_component id="oc-15f">
         <name>.debug_frame</name>
         <load_address>0x3ed</load_address>
         <run_address>0x3ed</run_address>
         <size>0x7f</size>
         <input_file_ref idref="fl-b"/>
      </object_component>
      <object_component id="oc-110">
         <name>.debug_frame</name>
         <load_address>0x46c</load_address>
         <run_address>0x46c</run_address>
         <size>0x8f</size>
         <input_file_ref idref="fl-b"/>
      </object_component>
      <object_component id="oc-122">
         <name>.debug_frame</name>
         <load_address>0x4fb</load_address>
         <run_address>0x4fb</run_address>
         <size>0x86</size>
         <input_file_ref idref="fl-b"/>
      </object_component>
      <object_component id="oc-10a">
         <name>.debug_frame</name>
         <load_address>0x581</load_address>
         <run_address>0x581</run_address>
         <size>0x8a</size>
         <input_file_ref idref="fl-b"/>
      </object_component>
      <object_component id="oc-11c">
         <name>.debug_frame</name>
         <load_address>0x60b</load_address>
         <run_address>0x60b</run_address>
         <size>0x86</size>
         <input_file_ref idref="fl-b"/>
      </object_component>
      <object_component id="oc-104">
         <name>.debug_frame</name>
         <load_address>0x691</load_address>
         <run_address>0x691</run_address>
         <size>0x7f</size>
         <input_file_ref idref="fl-d"/>
      </object_component>
      <object_component id="oc-c8">
         <name>.debug_frame</name>
         <load_address>0x710</load_address>
         <run_address>0x710</run_address>
         <size>0x93</size>
         <input_file_ref idref="fl-d"/>
      </object_component>
      <object_component id="oc-128">
         <name>.debug_frame</name>
         <load_address>0x7a3</load_address>
         <run_address>0x7a3</run_address>
         <size>0x8e</size>
         <input_file_ref idref="fl-d"/>
      </object_component>
      <object_component id="oc-178">
         <name>.debug_frame</name>
         <load_address>0x831</load_address>
         <run_address>0x831</run_address>
         <size>0x7f</size>
         <input_file_ref idref="fl-e"/>
      </object_component>
      <object_component id="oc-172">
         <name>.debug_frame</name>
         <load_address>0x8b0</load_address>
         <run_address>0x8b0</run_address>
         <size>0x7f</size>
         <input_file_ref idref="fl-e"/>
      </object_component>
      <object_component id="oc-12e">
         <name>.debug_frame</name>
         <load_address>0x92f</load_address>
         <run_address>0x92f</run_address>
         <size>0x8a</size>
         <input_file_ref idref="fl-e"/>
      </object_component>
      <object_component id="oc-138">
         <name>.debug_frame</name>
         <load_address>0x9b9</load_address>
         <run_address>0x9b9</run_address>
         <size>0x7f</size>
         <input_file_ref idref="fl-e"/>
      </object_component>
      <object_component id="oc-d4">
         <name>.debug_frame</name>
         <load_address>0xa38</load_address>
         <run_address>0xa38</run_address>
         <size>0x7f</size>
         <input_file_ref idref="fl-e"/>
      </object_component>
      <object_component id="oc-13e">
         <name>.debug_frame</name>
         <load_address>0xab7</load_address>
         <run_address>0xab7</run_address>
         <size>0x7f</size>
         <input_file_ref idref="fl-e"/>
      </object_component>
      <object_component id="oc-17">
         <name>.debug_frame</name>
         <load_address>0xb36</load_address>
         <run_address>0xb36</run_address>
         <size>0x7f</size>
         <input_file_ref idref="fl-132"/>
      </object_component>
      <object_component id="oc-44">
         <name>.debug_frame</name>
         <load_address>0xbb5</load_address>
         <run_address>0xbb5</run_address>
         <size>0x8e</size>
         <input_file_ref idref="fl-133"/>
      </object_component>
      <object_component id="oc-1d">
         <name>.debug_frame</name>
         <load_address>0xc43</load_address>
         <run_address>0xc43</run_address>
         <size>0x7f</size>
         <input_file_ref idref="fl-133"/>
      </object_component>
      <object_component id="oc-21">
         <name>.debug_frame</name>
         <load_address>0xcc2</load_address>
         <run_address>0xcc2</run_address>
         <size>0x7f</size>
         <input_file_ref idref="fl-134"/>
      </object_component>
      <object_component id="oc-6f">
         <name>.debug_frame</name>
         <load_address>0xd41</load_address>
         <run_address>0xd41</run_address>
         <size>0xb3</size>
         <input_file_ref idref="fl-135"/>
      </object_component>
      <object_component id="oc-59">
         <name>.debug_frame</name>
         <load_address>0xdf4</load_address>
         <run_address>0xdf4</run_address>
         <size>0x7f</size>
         <input_file_ref idref="fl-138"/>
      </object_component>
      <object_component id="oc-ed">
         <name>.debug_frame</name>
         <load_address>0xe73</load_address>
         <run_address>0xe73</run_address>
         <size>0xa1</size>
         <input_file_ref idref="fl-13a"/>
      </object_component>
      <object_component id="oc-68">
         <name>.debug_frame</name>
         <load_address>0xf14</load_address>
         <run_address>0xf14</run_address>
         <size>0x7f</size>
         <input_file_ref idref="fl-13b"/>
      </object_component>
      <object_component id="oc-5f">
         <name>.debug_frame</name>
         <load_address>0xf93</load_address>
         <run_address>0xf93</run_address>
         <size>0x8a</size>
         <input_file_ref idref="fl-13c"/>
      </object_component>
      <object_component id="oc-96">
         <name>.debug_frame</name>
         <load_address>0x101d</load_address>
         <run_address>0x101d</run_address>
         <size>0x8e</size>
         <input_file_ref idref="fl-13d"/>
      </object_component>
      <object_component id="oc-17a">
         <name>.debug_abbrev</name>
         <load_address>0x0</load_address>
         <run_address>0x0</run_address>
         <size>0x75</size>
         <input_file_ref idref="fl-2"/>
      </object_component>
      <object_component id="oc-12f">
         <name>.debug_abbrev</name>
         <load_address>0x75</load_address>
         <run_address>0x75</run_address>
         <size>0x7a</size>
         <input_file_ref idref="fl-2"/>
      </object_component>
      <object_component id="oc-79">
         <name>.debug_abbrev</name>
         <load_address>0xef</load_address>
         <run_address>0xef</run_address>
         <size>0x1f</size>
         <input_file_ref idref="fl-2"/>
      </object_component>
      <object_component id="oc-7e">
         <name>.debug_abbrev</name>
         <load_address>0x10e</load_address>
         <run_address>0x10e</run_address>
         <size>0x35</size>
         <input_file_ref idref="fl-2"/>
      </object_component>
      <object_component id="oc-14d">
         <name>.debug_abbrev</name>
         <load_address>0x143</load_address>
         <run_address>0x143</run_address>
         <size>0xb3</size>
         <input_file_ref idref="fl-3"/>
      </object_component>
      <object_component id="oc-14b">
         <name>.debug_abbrev</name>
         <load_address>0x1f6</load_address>
         <run_address>0x1f6</run_address>
         <size>0x27</size>
         <input_file_ref idref="fl-3"/>
      </object_component>
      <object_component id="oc-df">
         <name>.debug_abbrev</name>
         <load_address>0x21d</load_address>
         <run_address>0x21d</run_address>
         <size>0xa9</size>
         <input_file_ref idref="fl-3"/>
      </object_component>
      <object_component id="oc-75">
         <name>.debug_abbrev</name>
         <load_address>0x2c6</load_address>
         <run_address>0x2c6</run_address>
         <size>0x5d</size>
         <input_file_ref idref="fl-4"/>
      </object_component>
      <object_component id="oc-30">
         <name>.debug_abbrev</name>
         <load_address>0x323</load_address>
         <run_address>0x323</run_address>
         <size>0x29</size>
         <input_file_ref idref="fl-4"/>
      </object_component>
      <object_component id="oc-74">
         <name>.debug_abbrev</name>
         <load_address>0x34c</load_address>
         <run_address>0x34c</run_address>
         <size>0x79</size>
         <input_file_ref idref="fl-4"/>
      </object_component>
      <object_component id="oc-182">
         <name>.debug_abbrev</name>
         <load_address>0x3c5</load_address>
         <run_address>0x3c5</run_address>
         <size>0xc2</size>
         <input_file_ref idref="fl-5"/>
      </object_component>
      <object_component id="oc-180">
         <name>.debug_abbrev</name>
         <load_address>0x487</load_address>
         <run_address>0x487</run_address>
         <size>0x29</size>
         <input_file_ref idref="fl-5"/>
      </object_component>
      <object_component id="oc-145">
         <name>.debug_abbrev</name>
         <load_address>0x4b0</load_address>
         <run_address>0x4b0</run_address>
         <size>0xe4</size>
         <input_file_ref idref="fl-5"/>
      </object_component>
      <object_component id="oc-b2">
         <name>.debug_abbrev</name>
         <load_address>0x594</load_address>
         <run_address>0x594</run_address>
         <size>0x1f</size>
         <input_file_ref idref="fl-5"/>
      </object_component>
      <object_component id="oc-8e">
         <name>.debug_abbrev</name>
         <load_address>0x5b3</load_address>
         <run_address>0x5b3</run_address>
         <size>0x24</size>
         <input_file_ref idref="fl-5"/>
      </object_component>
      <object_component id="oc-148">
         <name>.debug_abbrev</name>
         <load_address>0x5d7</load_address>
         <run_address>0x5d7</run_address>
         <size>0x55</size>
         <input_file_ref idref="fl-5"/>
      </object_component>
      <object_component id="oc-185">
         <name>.debug_abbrev</name>
         <load_address>0x62c</load_address>
         <run_address>0x62c</run_address>
         <size>0x72</size>
         <input_file_ref idref="fl-b"/>
      </object_component>
      <object_component id="oc-187">
         <name>.debug_abbrev</name>
         <load_address>0x69e</load_address>
         <run_address>0x69e</run_address>
         <size>0x27</size>
         <input_file_ref idref="fl-b"/>
      </object_component>
      <object_component id="oc-163">
         <name>.debug_abbrev</name>
         <load_address>0x6c5</load_address>
         <run_address>0x6c5</run_address>
         <size>0x6c</size>
         <input_file_ref idref="fl-b"/>
      </object_component>
      <object_component id="oc-184">
         <name>.debug_abbrev</name>
         <load_address>0x731</load_address>
         <run_address>0x731</run_address>
         <size>0x6c</size>
         <input_file_ref idref="fl-b"/>
      </object_component>
      <object_component id="oc-162">
         <name>.debug_abbrev</name>
         <load_address>0x79d</load_address>
         <run_address>0x79d</run_address>
         <size>0x6c</size>
         <input_file_ref idref="fl-b"/>
      </object_component>
      <object_component id="oc-168">
         <name>.debug_abbrev</name>
         <load_address>0x809</load_address>
         <run_address>0x809</run_address>
         <size>0x6c</size>
         <input_file_ref idref="fl-b"/>
      </object_component>
      <object_component id="oc-160">
         <name>.debug_abbrev</name>
         <load_address>0x875</load_address>
         <run_address>0x875</run_address>
         <size>0x7a</size>
         <input_file_ref idref="fl-b"/>
      </object_component>
      <object_component id="oc-167">
         <name>.debug_abbrev</name>
         <load_address>0x8ef</load_address>
         <run_address>0x8ef</run_address>
         <size>0x6c</size>
         <input_file_ref idref="fl-b"/>
      </object_component>
      <object_component id="oc-152">
         <name>.debug_abbrev</name>
         <load_address>0x95b</load_address>
         <run_address>0x95b</run_address>
         <size>0xb0</size>
         <input_file_ref idref="fl-d"/>
      </object_component>
      <object_component id="oc-189">
         <name>.debug_abbrev</name>
         <load_address>0xa0b</load_address>
         <run_address>0xa0b</run_address>
         <size>0x27</size>
         <input_file_ref idref="fl-d"/>
      </object_component>
      <object_component id="oc-159">
         <name>.debug_abbrev</name>
         <load_address>0xa32</load_address>
         <run_address>0xa32</run_address>
         <size>0x6c</size>
         <input_file_ref idref="fl-d"/>
      </object_component>
      <object_component id="oc-fd">
         <name>.debug_abbrev</name>
         <load_address>0xa9e</load_address>
         <run_address>0xa9e</run_address>
         <size>0x7a</size>
         <input_file_ref idref="fl-d"/>
      </object_component>
      <object_component id="oc-16c">
         <name>.debug_abbrev</name>
         <load_address>0xb18</load_address>
         <run_address>0xb18</run_address>
         <size>0x60</size>
         <input_file_ref idref="fl-d"/>
      </object_component>
      <object_component id="oc-156">
         <name>.debug_abbrev</name>
         <load_address>0xb78</load_address>
         <run_address>0xb78</run_address>
         <size>0x49</size>
         <input_file_ref idref="fl-d"/>
      </object_component>
      <object_component id="oc-17c">
         <name>.debug_abbrev</name>
         <load_address>0xbc1</load_address>
         <run_address>0xbc1</run_address>
         <size>0x72</size>
         <input_file_ref idref="fl-e"/>
      </object_component>
      <object_component id="oc-18c">
         <name>.debug_abbrev</name>
         <load_address>0xc33</load_address>
         <run_address>0xc33</run_address>
         <size>0x6c</size>
         <input_file_ref idref="fl-e"/>
      </object_component>
      <object_component id="oc-18b">
         <name>.debug_abbrev</name>
         <load_address>0xc9f</load_address>
         <run_address>0xc9f</run_address>
         <size>0x6c</size>
         <input_file_ref idref="fl-e"/>
      </object_component>
      <object_component id="oc-179">
         <name>.debug_abbrev</name>
         <load_address>0xd0b</load_address>
         <run_address>0xd0b</run_address>
         <size>0x7a</size>
         <input_file_ref idref="fl-e"/>
      </object_component>
      <object_component id="oc-17e">
         <name>.debug_abbrev</name>
         <load_address>0xd85</load_address>
         <run_address>0xd85</run_address>
         <size>0x6e</size>
         <input_file_ref idref="fl-e"/>
      </object_component>
      <object_component id="oc-131">
         <name>.debug_abbrev</name>
         <load_address>0xdf3</load_address>
         <run_address>0xdf3</run_address>
         <size>0x6c</size>
         <input_file_ref idref="fl-e"/>
      </object_component>
      <object_component id="oc-17f">
         <name>.debug_abbrev</name>
         <load_address>0xe5f</load_address>
         <run_address>0xe5f</run_address>
         <size>0x6e</size>
         <input_file_ref idref="fl-e"/>
      </object_component>
      <object_component id="oc-73">
         <name>.debug_abbrev</name>
         <load_address>0xecd</load_address>
         <run_address>0xecd</run_address>
         <size>0x3e</size>
         <input_file_ref idref="fl-131"/>
      </object_component>
      <object_component id="oc-87">
         <name>.debug_abbrev</name>
         <load_address>0xf0b</load_address>
         <run_address>0xf0b</run_address>
         <size>0x52</size>
         <input_file_ref idref="fl-132"/>
      </object_component>
      <object_component id="oc-38">
         <name>.debug_abbrev</name>
         <load_address>0xf5d</load_address>
         <run_address>0xf5d</run_address>
         <size>0x74</size>
         <input_file_ref idref="fl-132"/>
      </object_component>
      <object_component id="oc-3b">
         <name>.debug_abbrev</name>
         <load_address>0xfd1</load_address>
         <run_address>0xfd1</run_address>
         <size>0x24</size>
         <input_file_ref idref="fl-132"/>
      </object_component>
      <object_component id="oc-84">
         <name>.debug_abbrev</name>
         <load_address>0xff5</load_address>
         <run_address>0xff5</run_address>
         <size>0x24</size>
         <input_file_ref idref="fl-132"/>
      </object_component>
      <object_component id="oc-8a">
         <name>.debug_abbrev</name>
         <load_address>0x1019</load_address>
         <run_address>0x1019</run_address>
         <size>0x52</size>
         <input_file_ref idref="fl-133"/>
      </object_component>
      <object_component id="oc-89">
         <name>.debug_abbrev</name>
         <load_address>0x106b</load_address>
         <run_address>0x106b</run_address>
         <size>0x7b</size>
         <input_file_ref idref="fl-133"/>
      </object_component>
      <object_component id="oc-45">
         <name>.debug_abbrev</name>
         <load_address>0x10e6</load_address>
         <run_address>0x10e6</run_address>
         <size>0x66</size>
         <input_file_ref idref="fl-133"/>
      </object_component>
      <object_component id="oc-49">
         <name>.debug_abbrev</name>
         <load_address>0x114c</load_address>
         <run_address>0x114c</run_address>
         <size>0x24</size>
         <input_file_ref idref="fl-133"/>
      </object_component>
      <object_component id="oc-92">
         <name>.debug_abbrev</name>
         <load_address>0x1170</load_address>
         <run_address>0x1170</run_address>
         <size>0x52</size>
         <input_file_ref idref="fl-134"/>
      </object_component>
      <object_component id="oc-51">
         <name>.debug_abbrev</name>
         <load_address>0x11c2</load_address>
         <run_address>0x11c2</run_address>
         <size>0x74</size>
         <input_file_ref idref="fl-134"/>
      </object_component>
      <object_component id="oc-54">
         <name>.debug_abbrev</name>
         <load_address>0x1236</load_address>
         <run_address>0x1236</run_address>
         <size>0x24</size>
         <input_file_ref idref="fl-134"/>
      </object_component>
      <object_component id="oc-f4">
         <name>.debug_abbrev</name>
         <load_address>0x125a</load_address>
         <run_address>0x125a</run_address>
         <size>0x6b</size>
         <input_file_ref idref="fl-135"/>
      </object_component>
      <object_component id="oc-f2">
         <name>.debug_abbrev</name>
         <load_address>0x12c5</load_address>
         <run_address>0x12c5</run_address>
         <size>0x29</size>
         <input_file_ref idref="fl-135"/>
      </object_component>
      <object_component id="oc-ab">
         <name>.debug_abbrev</name>
         <load_address>0x12ee</load_address>
         <run_address>0x12ee</run_address>
         <size>0xba</size>
         <input_file_ref idref="fl-135"/>
      </object_component>
      <object_component id="oc-81">
         <name>.debug_abbrev</name>
         <load_address>0x13a8</load_address>
         <run_address>0x13a8</run_address>
         <size>0x3e</size>
         <input_file_ref idref="fl-136"/>
      </object_component>
      <object_component id="oc-91">
         <name>.debug_abbrev</name>
         <load_address>0x13e6</load_address>
         <run_address>0x13e6</run_address>
         <size>0x4f</size>
         <input_file_ref idref="fl-137"/>
      </object_component>
      <object_component id="oc-94">
         <name>.debug_abbrev</name>
         <load_address>0x1435</load_address>
         <run_address>0x1435</run_address>
         <size>0x55</size>
         <input_file_ref idref="fl-138"/>
      </object_component>
      <object_component id="oc-ae">
         <name>.debug_abbrev</name>
         <load_address>0x148a</load_address>
         <run_address>0x148a</run_address>
         <size>0x27</size>
         <input_file_ref idref="fl-139"/>
      </object_component>
      <object_component id="oc-150">
         <name>.debug_abbrev</name>
         <load_address>0x14b1</load_address>
         <run_address>0x14b1</run_address>
         <size>0x45</size>
         <input_file_ref idref="fl-13a"/>
      </object_component>
      <object_component id="oc-ee">
         <name>.debug_abbrev</name>
         <load_address>0x14f6</load_address>
         <run_address>0x14f6</run_address>
         <size>0x29</size>
         <input_file_ref idref="fl-13a"/>
      </object_component>
      <object_component id="oc-14f">
         <name>.debug_abbrev</name>
         <load_address>0x151f</load_address>
         <run_address>0x151f</run_address>
         <size>0x6f</size>
         <input_file_ref idref="fl-13a"/>
      </object_component>
      <object_component id="oc-e1">
         <name>.debug_abbrev</name>
         <load_address>0x158e</load_address>
         <run_address>0x158e</run_address>
         <size>0x8e</size>
         <input_file_ref idref="fl-13b"/>
      </object_component>
      <object_component id="oc-a3">
         <name>.debug_abbrev</name>
         <load_address>0x161c</load_address>
         <run_address>0x161c</run_address>
         <size>0x68</size>
         <input_file_ref idref="fl-13b"/>
      </object_component>
      <object_component id="oc-e5">
         <name>.debug_abbrev</name>
         <load_address>0x1684</load_address>
         <run_address>0x1684</run_address>
         <size>0x49</size>
         <input_file_ref idref="fl-13b"/>
      </object_component>
      <object_component id="oc-b7">
         <name>.debug_abbrev</name>
         <load_address>0x16cd</load_address>
         <run_address>0x16cd</run_address>
         <size>0x9a</size>
         <input_file_ref idref="fl-13c"/>
      </object_component>
      <object_component id="oc-9b">
         <name>.debug_abbrev</name>
         <load_address>0x1767</load_address>
         <run_address>0x1767</run_address>
         <size>0x7e</size>
         <input_file_ref idref="fl-13c"/>
      </object_component>
      <object_component id="oc-bb">
         <name>.debug_abbrev</name>
         <load_address>0x17e5</load_address>
         <run_address>0x17e5</run_address>
         <size>0x24</size>
         <input_file_ref idref="fl-13c"/>
      </object_component>
      <object_component id="oc-c0">
         <name>.debug_abbrev</name>
         <load_address>0x1809</load_address>
         <run_address>0x1809</run_address>
         <size>0x4b</size>
         <input_file_ref idref="fl-13c"/>
      </object_component>
      <object_component id="oc-f6">
         <name>.debug_abbrev</name>
         <load_address>0x1854</load_address>
         <run_address>0x1854</run_address>
         <size>0x9c</size>
         <input_file_ref idref="fl-13d"/>
      </object_component>
      <object_component id="oc-b5">
         <name>.debug_abbrev</name>
         <load_address>0x18f0</load_address>
         <run_address>0x18f0</run_address>
         <size>0x8c</size>
         <input_file_ref idref="fl-13d"/>
      </object_component>
      <object_component id="oc-fa">
         <name>.debug_abbrev</name>
         <load_address>0x197c</load_address>
         <run_address>0x197c</run_address>
         <size>0x24</size>
         <input_file_ref idref="fl-13d"/>
      </object_component>
      <object_component id="oc-1b4">
         <name>.debug_abbrev</name>
         <load_address>0x19a0</load_address>
         <run_address>0x19a0</run_address>
         <size>0xf</size>
      </object_component>
      <object_component id="oc-7b">
         <name>.debug_str</name>
         <load_address>0x0</load_address>
         <run_address>0x0</run_address>
         <size>0xf5</size>
         <input_file_ref idref="fl-2"/>
      </object_component>
      <object_component id="oc-80">
         <name>.debug_str</name>
         <load_address>0xf5</load_address>
         <run_address>0xf5</run_address>
         <size>0x205</size>
         <input_file_ref idref="fl-2"/>
      </object_component>
      <object_component id="oc-b4">
         <name>.debug_str</name>
         <load_address>0x2fa</load_address>
         <run_address>0x2fa</run_address>
         <size>0xf5</size>
         <input_file_ref idref="fl-5"/>
      </object_component>
      <object_component id="oc-90">
         <name>.debug_str</name>
         <load_address>0x3ef</load_address>
         <run_address>0x3ef</run_address>
         <size>0xc8</size>
         <input_file_ref idref="fl-5"/>
      </object_component>
      <object_component id="oc-14a">
         <name>.debug_str</name>
         <load_address>0x4b7</load_address>
         <run_address>0x4b7</run_address>
         <size>0x11e</size>
         <input_file_ref idref="fl-5"/>
      </object_component>
      <object_component id="oc-158">
         <name>.debug_str</name>
         <load_address>0x5d5</load_address>
         <run_address>0x5d5</run_address>
         <size>0x141</size>
         <input_file_ref idref="fl-d"/>
      </object_component>
      <object_component id="oc-3d">
         <name>.debug_str</name>
         <load_address>0x716</load_address>
         <run_address>0x716</run_address>
         <size>0xe1</size>
         <input_file_ref idref="fl-132"/>
      </object_component>
      <object_component id="oc-86">
         <name>.debug_str</name>
         <load_address>0x7f7</load_address>
         <run_address>0x7f7</run_address>
         <size>0x104</size>
         <input_file_ref idref="fl-132"/>
      </object_component>
      <object_component id="oc-4b">
         <name>.debug_str</name>
         <load_address>0x8fb</load_address>
         <run_address>0x8fb</run_address>
         <size>0xd3</size>
         <input_file_ref idref="fl-133"/>
      </object_component>
      <object_component id="oc-56">
         <name>.debug_str</name>
         <load_address>0x9ce</load_address>
         <run_address>0x9ce</run_address>
         <size>0xdb</size>
         <input_file_ref idref="fl-134"/>
      </object_component>
      <object_component id="oc-e7">
         <name>.debug_str</name>
         <load_address>0xaa9</load_address>
         <run_address>0xaa9</run_address>
         <size>0xb7</size>
[...]
            <object_component_ref idref="oc-107"/>
            <object_component_ref idref="oc-119"/>
            <object_component_ref idref="oc-101"/>
            <object_component_ref idref="oc-c5"/>
            <object_component_ref idref="oc-125"/>
            <object_component_ref idref="oc-175"/>
            <object_component_ref idref="oc-16f"/>
            <object_component_ref idref="oc-12b"/>
            <object_component_ref idref="oc-135"/>
            <object_component_ref idref="oc-d1"/>
            <object_component_ref idref="oc-13b"/>
            <object_component_ref idref="oc-26"/>
            <object_component_ref idref="oc-14"/>
            <object_component_ref idref="oc-41"/>
            <object_component_ref idref="oc-1b"/>
            <object_component_ref idref="oc-20"/>
            <object_component_ref idref="oc-6c"/>
            <object_component_ref idref="oc-35"/>
            <object_component_ref idref="oc-4d"/>
            <object_component_ref idref="oc-5a"/>
            <object_component_ref idref="oc-ea"/>
            <object_component_ref idref="oc-66"/>
            <object_component_ref idref="oc-61"/>
            <object_component_ref idref="oc-99"/>
         </contents>
      </logical_group>
      <logical_group id="lg-1aa" display="never" color="cyan">
         <name>.debug_pubnames</name>
         <load_address>0x0</load_address>
         <run_address>0x0</run_address>
         <size>0x703</size>
         <contents>
            <object_component_ref idref="oc-cc"/>
            <object_component_ref idref="oc-de"/>
            <object_component_ref idref="oc-a0"/>
            <object_component_ref idref="oc-11"/>
            <object_component_ref idref="oc-2f"/>
            <object_component_ref idref="oc-144"/>
            <object_component_ref idref="oc-141"/>
            <object_component_ref idref="oc-da"/>
            <object_component_ref idref="oc-166"/>
            <object_component_ref idref="oc-114"/>
            <object_component_ref idref="oc-15d"/>
            <object_component_ref idref="oc-10e"/>
            <object_component_ref idref="oc-120"/>
            <object_component_ref idref="oc-108"/>
            <object_component_ref idref="oc-11a"/>
            <object_component_ref idref="oc-16b"/>
            <object_component_ref idref="oc-102"/>
            <object_component_ref idref="oc-c6"/>
            <object_component_ref idref="oc-126"/>
            <object_component_ref idref="oc-176"/>
            <object_component_ref idref="oc-170"/>
            <object_component_ref idref="oc-12c"/>
            <object_component_ref idref="oc-136"/>
            <object_component_ref idref="oc-d2"/>
            <object_component_ref idref="oc-13c"/>
            <object_component_ref idref="oc-28"/>
            <object_component_ref idref="oc-16"/>
            <object_component_ref idref="oc-42"/>
            <object_component_ref idref="oc-1c"/>
            <object_component_ref idref="oc-23"/>
            <object_component_ref idref="oc-aa"/>
            <object_component_ref idref="oc-6d"/>
            <object_component_ref idref="oc-37"/>
            <object_component_ref idref="oc-4f"/>
            <object_component_ref idref="oc-5c"/>
            <object_component_ref idref="oc-72"/>
            <object_component_ref idref="oc-a7"/>
            <object_component_ref idref="oc-eb"/>
            <object_component_ref idref="oc-67"/>
            <object_component_ref idref="oc-63"/>
            <object_component_ref idref="oc-98"/>
         </contents>
      </logical_group>
      <logical_group id="lg-1ac" display="never" color="cyan">
         <name>.debug_pubtypes</name>
         <load_address>0x0</load_address>
         <run_address>0x0</run_address>
         <size>0x622</size>
         <contents>
            <object_component_ref idref="oc-78"/>
            <object_component_ref idref="oc-7d"/>
            <object_component_ref idref="oc-b1"/>
            <object_component_ref idref="oc-8d"/>
            <object_component_ref idref="oc-147"/>
            <object_component_ref idref="oc-155"/>
            <object_component_ref idref="oc-3a"/>
            <object_component_ref idref="oc-83"/>
            <object_component_ref idref="oc-48"/>
            <object_component_ref idref="oc-53"/>
            <object_component_ref idref="oc-ad"/>
            <object_component_ref idref="oc-f1"/>
            <object_component_ref idref="oc-e4"/>
            <object_component_ref idref="oc-ba"/>
            <object_component_ref idref="oc-bf"/>
            <object_component_ref idref="oc-f9"/>
         </contents>
      </logical_group>
      <load_segment id="lg-1bc" display="no" color="cyan">
         <name>SEGMENT_0</name>
         <load_address>0x0</load_address>
         <run_address>0x0</run_address>
         <size>0x1468</size>
         <flags>0x5</flags>
         <contents>
            <logical_group_ref idref="lg-3"/>
            <logical_group_ref idref="lg-4"/>
            <logical_group_ref idref="lg-5"/>
            <logical_group_ref idref="lg-6"/>
         </contents>
      </load_segment>
      <load_segment id="lg-1bd" display="no" color="cyan">
         <name>SEGMENT_1</name>
         <run_address>0x20000000</run_address>
         <size>0x218</size>
         <flags>0x6</flags>
         <contents>
            <logical_group_ref idref="lg-d"/>
            <logical_group_ref idref="lg-a"/>
            <logical_group_ref idref="lg-b"/>
         </contents>
      </load_segment>
   </logical_group_list>
   <placement_map>
      <memory_area display="yes" color="green">
         <name>FLASH</name>
         <page_id>0x0</page_id>
         <origin>0x0</origin>
         <length>0x40000</length>
         <used_space>0x1467</used_space>
         <unused_space>0x3eb99</unused_space>
         <attributes>RX</attributes>
         <usage_details>
            <allocated_space>
               <start_address>0x0</start_address>
               <size>0x26c</size>
               <logical_group_ref idref="lg-3"/>
            </allocated_space>
            <allocated_space>
               <start_address>0x26c</start_address>
               <size>0xec4</size>
               <logical_group_ref idref="lg-4"/>
            </allocated_space>
            <allocated_space>
               <start_address>0x1130</start_address>
               <size>0x2ff</size>
               <logical_group_ref idref="lg-5"/>
            </allocated_space>
            <available_space>
               <start_address>0x142f</start_address>
               <size>0x1</size>
            </available_space>
            <allocated_space>
               <start_address>0x1430</start_address>
               <size>0x38</size>
               <logical_group_ref idref="lg-6"/>
            </allocated_space>
            <available_space>
               <start_address>0x1468</start_address>
               <size>0x3eb98</size>
            </available_space>
         </usage_details>
      </memory_area>
      <memory_area display="yes" color="green">
         <name>SRAM</name>
         <page_id>0x0</page_id>
         <origin>0x20000000</origin>
         <length>0x8000</length>
         <used_space>0x218</used_space>
         <unused_space>0x7de8</unused_space>
         <attributes>RWX</attributes>
         <usage_details>
            <allocated_space>
               <start_address>0x20000000</start_address>
               <size>0x200</size>
               <logical_group_ref idref="lg-d"/>
            </allocated_space>
            <allocated_space>
               <start_address>0x20000200</start_address>
               <size>0x14</size>
               <logical_group_ref idref="lg-18f"/>
            </allocated_space>
            <allocated_space>
               <start_address>0x20000214</start_address>
               <size>0x4</size>
               <logical_group_ref idref="lg-18d"/>
            </allocated_space>
            <available_space>
               <start_address>0x20000218</start_address>
               <size>0x7de8</size>
            </available_space>
         </usage_details>
      </memory_area>
   </placement_map>
   <cptbl_list>
      <cptbl>
         <name>__TI_cinit_table</name>
         <cprec>
            <name>.data</name>
            <load_address>0x1430</load_address>
            <load_size>0xf</load_size>
            <run_address>0x20000200</run_address>
            <run_size>0x14</run_size>
            <compression>rle</compression>
         </cprec>
         <cprec>
            <name>.bss</name>
            <load_address>0x1450</load_address>
            <load_size>0x8</load_size>
            <run_address>0x20000214</run_address>
            <run_size>0x4</run_size>
            <compression>zero_init</compression>
         </cprec>
      </cptbl>
   </cptbl_list>
   <handler_table>
      <handler_table_name>__TI_handler_table</handler_table_name>
      <handler>
         <index>0x0</index>
         <name>__TI_decompress_rle24</name>
      </handler>
      <handler>
         <index>0x1</index>
         <name>__TI_decompress_none</name>
      </handler>
      <handler>
         <index>0x2</index>
         <name>__TI_zero_init</name>
      </handler>
   </handler_table>
   <symbol_table>
      <symbol id="sm-1">
         <name>__STACK_TOP</name>
         <value>0x20000200</value>
      </symbol>
      <symbol id="sm-2">
         <name>__TI_CINIT_Base</name>
         <value>0x1458</value>
      </symbol>
      <symbol id="sm-3">
         <name>__TI_CINIT_Limit</name>
         <value>0x1468</value>
      </symbol>
      <symbol id="sm-4">
         <name>__TI_Handler_Table_Base</name>
         <value>0x1440</value>
      </symbol>
      <symbol id="sm-5">
         <name>__TI_Handler_Table_Limit</name>
         <value>0x144c</value>
      </symbol>
      <symbol id="sm-6">
         <name>binit</name>
         <value>0xffffffff</value>
      </symbol>
      <symbol id="sm-7">
         <name>__binit__</name>
         <value>0xffffffff</value>
      </symbol>
      <symbol id="sm-8">
         <name>__STACK_SIZE</name>
         <value>0x200</value>
      </symbol>
      <symbol id="sm-9">
         <name>__STACK_END</name>
         <value>0x20000200</value>
      </symbol>
      <symbol id="sm-a">
         <name>__c_args__</name>
         <value>0xffffffff</value>
      </symbol>
      <symbol id="sm-46">
         <name>Enable_begin</name>
         <value>0xb95</value>
         <object_component_ref idref="oc-c9"/>
      </symbol>
      <symbol id="sm-47">
         <name>println</name>
         <value>0xc33</value>
         <object_component_ref idref="oc-c9"/>
      </symbol>
      <symbol id="sm-48">
         <name>Enable</name>
         <value>0xbb3</value>
         <object_component_ref idref="oc-c9"/>
      </symbol>
      <symbol id="sm-49">
         <name>UART_begin</name>
         <value>0xbc5</value>
         <object_component_ref idref="oc-c9"/>
      </symbol>
      <symbol id="sm-75">
         <name>main</name>
         <value>0x709</value>
         <object_component_ref idref="oc-9d"/>
      </symbol>
      <symbol id="sm-76">
         <name>test_movement</name>
         <value>0x75f</value>
         <object_component_ref idref="oc-9d"/>
      </symbol>
      <symbol id="sm-92">
         <name>ResetISR</name>
         <value>0x10fb</value>
         <object_component_ref idref="oc-2a"/>
      </symbol>
      <symbol id="sm-93">
         <name>g_pfnVectors</name>
         <value>0x0</value>
         <object_component_ref idref="oc-f"/>
      </symbol>
      <symbol id="sm-f3">
         <name>crc_table</name>
         <value>0x1130</value>
         <object_component_ref idref="oc-13f"/>
      </symbol>
      <symbol id="sm-f4">
         <name>XL_320_Model</name>
         <value>0x68d</value>
         <object_component_ref idref="oc-d5"/>
      </symbol>
      <symbol id="sm-f5">
         <name>XL_320_LED</name>
         <value>0x6b1</value>
         <object_component_ref idref="oc-d5"/>
      </symbol>
      <symbol id="sm-f6">
         <name>XL_320_Move</name>
         <value>0x6db</value>
         <object_component_ref idref="oc-d5"/>
      </symbol>
      <symbol id="sm-138">
         <name>GPIOPinConfigure</name>
         <value>0xf15</value>
         <object_component_ref idref="oc-117"/>
      </symbol>
      <symbol id="sm-139">
         <name>GPIOPinTypeUART</name>
         <value>0x10c1</value>
         <object_component_ref idref="oc-11d"/>
      </symbol>
      <symbol id="sm-13a">
         <name>GPIOPinTypeGPIOOutput</name>
         <value>0x1069</value>
         <object_component_ref idref="oc-105"/>
      </symbol>
      <symbol id="sm-13b">
         <name>GPIODirModeSet</name>
         <value>0x101d</value>
         <object_component_ref idref="oc-15a"/>
      </symbol>
      <symbol id="sm-13c">
         <name>GPIOPinWrite</name>
         <value>0x111b</value>
         <object_component_ref idref="oc-111"/>
      </symbol>
      <symbol id="sm-13d">
         <name>GPIOPadConfigSet</name>
         <value>0x85d</value>
         <object_component_ref idref="oc-10b"/>
      </symbol>
      <symbol id="sm-190">
         <name>SysCtlClockSet</name>
         <value>0xaa1</value>
         <object_component_ref idref="oc-c3"/>
      </symbol>
      <symbol id="sm-191">
         <name>SysCtlDelay</name>
         <value>0x1121</value>
         <object_component_ref idref="oc-db"/>
      </symbol>
      <symbol id="sm-192">
         <name>SysCtlPeripheralEnable</name>
         <value>0xfe9</value>
         <object_component_ref idref="oc-ff"/>
      </symbol>
      <symbol id="sm-193">
         <name>SysCtlClockGet</name>
         <value>0x991</value>
         <object_component_ref idref="oc-123"/>
      </symbol>
      <symbol id="sm-1ce">
         <name>UARTConfigSetExpClk</name>
         <value>0xf5d</value>
         <object_component_ref idref="oc-129"/>
      </symbol>
      <symbol id="sm-1cf">
         <name>UARTDisable</name>
         <value>0x1049</value>
         <object_component_ref idref="oc-16d"/>
      </symbol>
      <symbol id="sm-1d0">
         <name>UARTCharsAvail</name>
         <value>0x10d3</value>
         <object_component_ref idref="oc-133"/>
      </symbol>
      <symbol id="sm-1d1">
         <name>UARTCharPut</name>
         <value>0x1111</value>
         <object_component_ref idref="oc-cf"/>
      </symbol>
      <symbol id="sm-1d2">
         <name>UARTEnable</name>
         <value>0x1099</value>
         <object_component_ref idref="oc-173"/>
      </symbol>
      <symbol id="sm-1d3">
         <name>UARTCharGet</name>
         <value>0x1107</value>
         <object_component_ref idref="oc-139"/>
      </symbol>
      <symbol id="sm-1e6">
         <name>_c_int00</name>
         <value>0xe79</value>
         <object_component_ref idref="oc-24"/>
      </symbol>
      <symbol id="sm-1e7">
         <name>__stack</name>
         <value>0x20000000</value>
         <object_component_ref idref="oc-29"/>
      </symbol>
      <symbol id="sm-1fe">
         <name>__TI_decompress_none</name>
         <value>0x10e1</value>
         <object_component_ref idref="oc-12"/>
      </symbol>
      <symbol id="sm-221">
         <name>__TI_decompress_rle24</name>
         <value>0x1127</value>
         <object_component_ref idref="oc-18"/>
      </symbol>
      <symbol id="sm-233">
         <name>__TI_zero_init</name>
         <value>0x10ef</value>
         <object_component_ref idref="oc-1e"/>
      </symbol>
      <symbol id="sm-252">
         <name>C$$EXIT</name>
         <value>0xfa5</value>
         <object_component_ref idref="oc-6a"/>
      </symbol>
      <symbol id="sm-253">
         <name>abort</name>
         <value>0xfa9</value>
         <object_component_ref idref="oc-6a"/>
      </symbol>
      <symbol id="sm-254">
         <name>exit</name>
         <value>0xfb1</value>
         <object_component_ref idref="oc-6a"/>
      </symbol>
      <symbol id="sm-255">
         <name>__TI_dtors_ptr</name>
         <value>0x2000020c</value>
         <object_component_ref idref="oc-a8"/>
      </symbol>
      <symbol id="sm-256">
         <name>__TI_cleanup_ptr</name>
         <value>0x20000208</value>
         <object_component_ref idref="oc-a8"/>
      </symbol>
      <symbol id="sm-271">
         <name>memcpy</name>
         <value>0xc89</value>
         <object_component_ref idref="oc-33"/>
      </symbol>
      <symbol id="sm-272">
         <name>__aeabi_memcpy</name>
         <value>0xc89</value>
         <object_component_ref idref="oc-33"/>
      </symbol>
      <symbol id="sm-273">
         <name>__aeabi_memcpy8</name>
         <value>0xc89</value>
         <object_component_ref idref="oc-33"/>
      </symbol>
      <symbol id="sm-274">
         <name>__aeabi_memcpy4</name>
         <value>0xc89</value>
         <object_component_ref idref="oc-33"/>
      </symbol>
      <symbol id="sm-283">
         <name>__aeabi_memset</name>
         <value>0xd27</value>
         <object_component_ref idref="oc-4c"/>
      </symbol>
      <symbol id="sm-284">
         <name>memset</name>
         <value>0xd2d</value>
         <object_component_ref idref="oc-4c"/>
      </symbol>
      <symbol id="sm-285">
         <name>__aeabi_memset8</name>
         <value>0xd27</value>
         <object_component_ref idref="oc-4c"/>
      </symbol>
      <symbol id="sm-286">
         <name>__aeabi_memset4</name>
         <value>0xd27</value>
         <object_component_ref idref="oc-4c"/>
      </symbol>
      <symbol id="sm-287">
         <name>__aeabi_memclr8</name>
         <value>0xd25</value>
         <object_component_ref idref="oc-4c"/>
      </symbol>
      <symbol id="sm-288">
         <name>__aeabi_memclr4</name>
         <value>0xd25</value>
         <object_component_ref idref="oc-4c"/>
      </symbol>
      <symbol id="sm-289">
         <name>__aeabi_memclr</name>
         <value>0xd25</value>
         <object_component_ref idref="oc-4c"/>
      </symbol>
      <symbol id="sm-293">
         <name>_system_pre_init</name>
         <value>0x112d</value>
         <object_component_ref idref="oc-58"/>
      </symbol>
      <symbol id="sm-29b">
         <name>main_func_sp</name>
         <value>0x20000210</value>
         <object_component_ref idref="oc-70"/>
      </symbol>
      <symbol id="sm-2b4">
         <name>_nop</name>
         <value>0x10bb</value>
         <object_component_ref idref="oc-e8"/>
      </symbol>
      <symbol id="sm-2b5">
         <name>_lock</name>
         <value>0x20000200</value>
         <object_component_ref idref="oc-a5"/>
      </symbol>
      <symbol id="sm-2b6">
         <name>_unlock</name>
         <value>0x20000204</value>
         <object_component_ref idref="oc-a5"/>
      </symbol>
      <symbol id="sm-2b7">
         <name>_register_lock</name>
         <value>0x10b3</value>
         <object_component_ref idref="oc-e8"/>
      </symbol>
      <symbol id="sm-2b8">
         <name>_register_unlock</name>
         <value>0x10ad</value>
         <object_component_ref idref="oc-e8"/>
      </symbol>
      <symbol id="sm-2cd">
         <name>_args_main</name>
         <value>0x1081</value>
         <object_component_ref idref="oc-64"/>
      </symbol>
      <symbol id="sm-2f3">
         <name>__TI_auto_init</name>
         <value>0xda1</value>
         <object_component_ref idref="oc-5e"/>
      </symbol>
      <symbol id="sm-30d">
         <name>copy_in</name>
         <value>0xec9</value>
         <object_component_ref idref="oc-95"/>
      </symbol>
      <symbol id="sm-30e">
         <name>__TI_static_base__</name>
         <value>0x0</value>
      </symbol>
      <symbol id="sm-311">
         <name>SHT$$INIT_ARRAY$$Limit</name>
         <value>0x0</value>
      </symbol>
      <symbol id="sm-312">
         <name>SHT$$INIT_ARRAY$$Base</name>
         <value>0x0</value>
      </symbol>
   </symbol_table>
   <title>Link successful</title>
</link_info>
